// Jest Snapshot v1, https://goo.gl/fbAQLP

exports[`Home Should render when user is authenticated. 1`] = `
<div class="home">
  <helloworld-stub msg="Do you want to Crounch ?"></helloworld-stub>
  <h1>
    Connecté
    <a id="logout">Se déconnecter</a></h1>
  <signup-stub style="display: none;"></signup-stub>
  <login-stub style="display: none;"></login-stub>
  <div>
    <search-stub></search-stub>
    <createlist-stub></createlist-stub>
    <displaylists-stub></displaylists-stub>
  </div>
</div>
`;

exports[`Home Should render. 1`] = `
<div class="home">
  <helloworld-stub msg="Do you want to Crounch ?"></helloworld-stub>
  <!---->
  <signup-stub></signup-stub>
  <login-stub></login-stub>
  <div style="display: none;">
    <search-stub></search-stub>
    <createlist-stub style="display: none;"></createlist-stub>
    <displaylists-stub></displaylists-stub>
  </div>
</div>
`;
