// Jest Snapshot v1, https://goo.gl/fbAQLP

exports[`Signup Should render. 1`] = `
<form>
  <div id="email-error" class="error">Please enter a valid email.</div>
  <div id="password-error" class="error">Please enter a password.</div>
  <!----> <input type="text" placeholder="Email"> <input type="password" placeholder="Password"> <input type="submit" value="S'inscrire">
</form>
`;
