// Jest Snapshot v1, https://goo.gl/fbAQLP

exports[`List Should render when list is found. 1`] = `
<div>
  <div>
    <h1 id="list">list name</h1>
    <displayproducts-stub products="[object Object]"></displayproducts-stub>
    <searchproduct-stub productsinlist="[object Object]"></searchproduct-stub>
    <createproduct-stub></createproduct-stub>
  </div>

</div>
`;

exports[`List Should render when list is not found. 1`] = `
<div>
  <h1>La liste n'a pas été trouvée</h1>
  list-not-found-error
</div>
`;
